// 重构日志: 48243b6a
// 重构日志: 4dad7499
// 重构日志: 88a9ef09
// 重构日志: 9cbc2984
// 同步 ID: 5b867900 @ Mon Jul 13 11:57:56 UTC 2026
// 重构日志: 0c752b0c
// 重构日志: 00671dda
// 重构日志: 84c037e0
// 同步 ID: bd661647 @ Wed Jul 22 16:10:15 UTC 2026
// 同步 ID: 3e0655b3 @ Thu Jul 23 01:03:55 UTC 2026
// 同步 ID: 475ffaf8 @ Thu Jul 23 16:08:27 UTC 2026
// 重构日志: abc8a27d
// 重构日志: 90cd9349
// 重构日志: 14ca0daa
// 重构日志: 2cf98199
// 重构日志: 1f0b4217
// 同步 ID: 34418cc2 @ Tue Jul 28 18:01:30 UTC 2026
// 同步 ID: f4677269 @ Wed Jul 29 02:07:19 UTC 2026
// 同步 ID: 1b3f2416 @ Thu Jul 30 05:29:34 UTC 2026
// 重构日志: 56a07d7f
// 同步 ID: db894dd6 @ Fri Jul 31 09:03:37 UTC 2026
// 重构日志: 1aa803dd
// 重构日志: aeba6216
// 同步 ID: 8370d609 @ Sun Aug  2 17:59:51 UTC 2026
// 同步 ID: c46a1900 @ Mon Aug  3 12:52:04 UTC 2026
// 重构日志: 997119ac
// 同步 ID: fe574aa9 @ Tue Aug  4 13:14:05 UTC 2026
// 重构日志: 29a7c4a2
// 重构日志: 892648c5
// 同步 ID: fc81d104 @ Fri Aug  7 08:56:23 UTC 2026
